// Jest Snapshot v1, https://goo.gl/fbAQLP

exports[`AddItemForm component renders the complete form 1`] = `
<section
  className="AddFolder"
>
  <h2>
    Create a Folder
  </h2>
  <form
    className="AddFolder__form"
    onSubmit={[Function]}
  >
    <div>
      <label
        htmlFor="folderName"
      >
        Folder Name
         
      </label>
      <input
        id="folderName"
        name="folderName"
        onChange={[Function]}
        placeholder="Name of your Folder"
        required={true}
        type="text"
      />
    </div>
    <div
      className="AddFolder__buttons"
    >
      <button
        onClick={[Function]}
        type="button"
      >
        Cancel
      </button>
       
      <button
        type="submit"
      >
        Save
      </button>
    </div>
  </form>
</section>
`;
